
> spy-bot-web@0.1.0 build
> next build

▲ Next.js 16.1.6 (Turbopack)
- Environments: .env.local

⚠ The "middleware" file convention is deprecated. Please use "proxy" instead. Learn more: https://nextjs.org/docs/messages/middleware-to-proxy
  Creating an optimized production build ...
✓ Compiled successfully in 3.3s
  Running TypeScript ...
Failed to compile.

./src/app/api/spy-engine/route.ts:425:53
Type error: Argument of type 'SupabaseClient<any, "public", "public", any, any>' is not assignable to parameter of type '{ storage: { from: (name: string) => { upload: (name: string, blob: Blob, options: unknown) => Promise<{ error?: unknown; }>; getPublicUrl: (path: string) => { data: { publicUrl: string; }; }; }; }; }'.
  The types of 'storage.from(...).upload' are incompatible between these types.
    Type '(path: string, fileBody: FileBody, fileOptions?: FileOptions | undefined) => Promise<{ data: { id: string; path: string; fullPath: string; }; error: null; } | { data: null; error: StorageError; }>' is not assignable to type '(name: string, blob: Blob, options: unknown) => Promise<{ error?: unknown; }>'.
      Types of parameters 'fileOptions' and 'options' are incompatible.
        Type 'unknown' is not assignable to type 'FileOptions | undefined'.

[0m [90m 423 |[39m                     [90m// Substitui as URLs temporárias (1hr) do DALL-E por URLs do seu Bucket[39m
 [90m 424 |[39m                     [finalImg1[33m,[39m finalImg2[33m,[39m finalImg3] [33m=[39m [36mawait[39m [33mPromise[39m[33m.[39mall([
[31m[1m>[22m[39m[90m 425 |[39m                         uploadImageToSupabase(img1[33m,[39m supabase[33m,[39m user[33m.[39mid[33m,[39m [35m1[39m)[33m,[39m
 [90m     |[39m                                                     [31m[1m^[22m[39m
 [90m 426 |[39m                         uploadImageToSupabase(img2[33m,[39m supabase[33m,[39m user[33m.[39mid[33m,[39m [35m2[39m)[33m,[39m
 [90m 427 |[39m                         uploadImageToSupabase(img3[33m,[39m supabase[33m,[39m user[33m.[39mid[33m,[39m [35m3[39m)
 [90m 428 |[39m                     ])[33m;[39m[0m
Next.js build worker exited with code: 1 and signal: null
